logic__263: 
logic__29: 
case__23: 
mux_4: 
logic__99: 
dffe_ref_negedge: 
datapath__9: 
logic__440: 
cla_block: 
logic__1: 
logic__224: 
logic__85: 
logic__372: 
inverter: 
logic__217: 
logic__277: 
datapath__4: 
case__28: 
datapath__7: 
logic__234: 
case__17: 
logic__246: 
register_32: 
logic__371: 
case__12: 
logic__303: 
register_96_f: 
case__9: 
logic__268: 
reg: 
case__25: 
case__18: 
datapath__5: 
logic__228: 
mux_8_33bit: 
logic__62: 
logic__173: 
logic__293: 
logic__362: 
logic__86: 
logic__22: 
logic__18: 
logic__65: 
multdiv: 
mux_4_single: 
logic__25: 
logic__285: 
logic__207: 
multiplier: 
logic__391: 
datapath: 
datapath__1: 
logic__431: 
logic__6: 
alu: 
case__4: 
MMIO: 
logic__247: 
logic__105: 
register_66: 
case__26: 
register_64: 
logic__23: 
datapath__8: 
logic: 
case__7: 
logic__315: 
logic__346: 
logic__278: 
logic__298: 
logic__225: 
logic__95: 
logic__28: 
logic__248: 
register_128_f: 
sll: 
logic__14: 
logic__269: 
logic__33: 
logic__2: 
logic__330: 
case__2: 
logic__30: 
muxpart__5: 
muxpart__3: 
logic__32: 
register_64_f: 
sub: 
datapath__11: 
logic__244: 
logic__13: 
logic__288: 
logic__437: 
datapath__10: 
logic__406: 
logic__67: 
datapath__2: 
logic__63: 
logic__16: 
logic__312: 
logic__260: 
logic__432: 
mux_2_33bit: 
logic__361: 
logic__279: 
logic__78: 
logic__37: 
case__15: 
extram: 
logic__441: 
datapath__3: 
case__20: 
logic__308: 
logic__9: 
logic__66: 
logic__409: 
processor: 
muxpart__6: 
logic__382: 
logic__322: 
logic__10: 
logic__347: 
add: 
logic__299: 
logic__26: 
case__32: 
mux_2: 
logic__294: 
logic__249: 
muxpart: 
Wrapper: 
logic__31: 
case__24: 
case__1: 
mux_8: 
logic__342: 
logic__27: 
logic__20: 
bitwise_or: 
logic__250: 
reg__2: 
case__27: 
logic__223: 
logic__5: 
ROM: 
logic__364: 
logic__36: 
case__33: 
register_1bit: 
case__14: 
dffe_ref: 
logic__35: 
datapath__12: 
logic__365: 
logic__139: 
logic__3: 
logic__77: 
case__11: 
logic__34: 
logic__245: 
regfile: 
case__29: 
extram__1: 
register: 
logic__24: 
logic__210: 
logic__363: 
extrom: 
case__3: 
logic__19: 
RAM: 
logic__331: 
case: 
logic__230: 
logic__7: 
t_flip_flop: 
logic__323: 
case__16: 
case__5: 
register_1bit_f: 
logic__21: 
logic__15: 
case__13: 
muxpart__1: 
muxpart__4: 
logic__233: 
case__10: 
logic__227: 
datapath__6: 
logic__341: 
logic__338: 
logic__297: 
reg__1: 
logic__39: 
logic__375: 
logic__61: 
logic__12: 
bitwise_and: 
logic__229: 
case__35: 
logic__17: 
logic__284: 
logic__64: 
logic__318: 
logic__232: 
mux_4_33bit: 
case__8: 
muxpart__2: 
logic__226: 
logic__38: 
logic__442: 
case__22: 
case__19: 
logic__94: 
logic__302: 
logic__60: 
divider: 
logic__40: 
logic__360: 
bitwise_not: 
logic__8: 
case__30: 
case__21: 
case__6: 
logic__427: 
logic__390: 
BulletRAM: 
logic__50: 
logic__257: 
logic__231: 
logic__4: 
mux_2_single: 
counter: 
logic__304: 
logic__11: 
sra: 
logic__443: 
case__34: 
logic__41: 
case__31: 
