datapath__271: 
datapath__39: 
datapath__33: 
logic__406: 
logic__683: 
datapath__253: 
case__2: 
logic__702: 
reg__1: 
logic__749: 
reg__78: 
logic__341: 
reg__75: 
case__97: 
logic__566: 
datapath__161: 
datapath__104: 
logic__629: 
datapath__18: 
dsp48e1: 
logic__708: 
logic__529: 
datapath__215: 
logic__498: 
datapath__238: 
case__84: 
logic__594: 
logic__285: 
logic__16: 
datapath__116: 
logic__293: 
extram: 
datapath__7: 
datapath__142: 
logic__496: 
logic__443: 
logic__568: 
logic__464: 
logic__633: 
mux_4: 
pla: 
logic__444: 
datapath__88: 
logic__39: 
logic__506: 
case__57: 
logic__645: 
datapath__103: 
case__24: 
datapath__198: 
case__90: 
logic__620: 
logic__588: 
datapath__213: 
case__11: 
datapath__189: 
logic__454: 
logic__679: 
reg__64: 
logic__552: 
logic__210: 
datapath__255: 
datapath__262: 
datapath__134: 
case__68: 
logic__574: 
logic__372: 
logic__249: 
case__93: 
logic__631: 
logic__437: 
logic__365: 
logic__479: 
datapath__32: 
logic__489: 
logic__560: 
logic__228: 
datapath__172: 
datapath__25: 
logic__630: 
datapath__209: 
logic__30: 
datapath__66: 
datapath__53: 
logic__230: 
case__19: 
datapath__216: 
logic__497: 
datapath__272: 
case__3: 
logic__455: 
case__27: 
datapath__84: 
logic__601: 
datapath__28: 
logic__40: 
datapath__200: 
case__14: 
datapath__55: 
datapath__79: 
reg__17: 
datapath__256: 
logic__338: 
case__21: 
logic__13: 
datapath__139: 
datapath__119: 
reg__47: 
add: 
logic__733: 
datapath__78: 
logic__672: 
logic__584: 
reg__59: 
logic__315: 
muxpart__12: 
datapath__269: 
logic__409: 
logic__648: 
logic__526: 
datapath__97: 
reg__58: 
logic__613: 
logic__580: 
case__80: 
datapath__121: 
case__101: 
logic__578: 
case__17: 
case__52: 
logic__674: 
logic__604: 
logic__375: 
logic__231: 
datapath__16: 
datapath__210: 
logic__637: 
case__40: 
datapath__156: 
MMIO: 
datapath__114: 
logic__475: 
datapath__89: 
logic__468: 
VGATimingGenerator: 
logic__667: 
logic__689: 
logic__635: 
logic__720: 
datapath__250: 
logic__246: 
logic__105: 
logic__535: 
reg__73: 
datapath__153: 
datapath__49: 
datapath__188: 
logic__586: 
logic__677: 
datapath__6: 
logic__641: 
logic__362: 
logic__746: 
datapath__100: 
reg__35: 
counter: 
datapath__185: 
datapath__40: 
logic__284: 
logic__537: 
reg__40: 
reg__61: 
datapath__217: 
case__62: 
datapath__274: 
case__92: 
case__107: 
datapath__152: 
logic__579: 
datapath__112: 
logic__558: 
datapath__115: 
logic__1: 
datapath__207: 
case__38: 
datapath__46: 
case__70: 
logic__622: 
logic__227: 
datapath__202: 
logic__5: 
logic__691: 
datapath__3: 
muxpart__5: 
datapath__44: 
case__106: 
logic__312: 
reg__9: 
datapath__26: 
logic__623: 
datapath__124: 
case__87: 
logic__244: 
t_flip_flop: 
case__36: 
case__51: 
logic__614: 
logic__705: 
logic__477: 
datapath__281: 
datapath__252: 
logic__207: 
logic__701: 
extrom__2: 
datapath__10: 
logic__538: 
logic__732: 
datapath__8: 
datapath__214: 
logic__462: 
datapath__30: 
logic__684: 
datapath__199: 
datapath__249: 
logic__299: 
logic__567: 
logic__680: 
logic__391: 
reg__57: 
logic__729: 
datapath__243: 
logic__563: 
logic__712: 
logic__302: 
logic__541: 
logic__681: 
logic__430: 
reg__38: 
case: 
VRAM__parameterized4: 
logic__29: 
logic__650: 
VRAM__parameterized5: 
SpriteRAM: 
logic__536: 
datapath__245: 
logic__573: 
logic__63: 
datapath__4: 
datapath__22: 
datapath__273: 
datapath__95: 
logic__471: 
logic__439: 
logic__698: 
datapath__135: 
extrom__1: 
datapath__235: 
datapath__224: 
logic__447: 
register_64: 
logic__492: 
datapath__260: 
logic__660: 
logic__247: 
case__71: 
extrom__3: 
logic__232: 
logic__10: 
logic__621: 
datapath__43: 
logic__734: 
logic__521: 
case__39: 
case__66: 
logic__217: 
case__99: 
datapath__154: 
datapath__246: 
case__79: 
cla_block: 
logic__448: 
logic__575: 
datapath__75: 
mux_2: 
case__56: 
logic__6: 
datapath__71: 
muxpart__14: 
logic__692: 
logic__85: 
datapath__164: 
logic__7: 
datapath__226: 
logic__511: 
logic__31: 
logic__598: 
logic__225: 
logic__472: 
datapath__174: 
logic__632: 
logic__528: 
datapath__123: 
logic__671: 
datapath__267: 
reg__56: 
datapath__68: 
datapath__211: 
logic__611: 
logic__99: 
datapath__90: 
VRAM__parameterized1: 
logic__562: 
logic__638: 
logic__549: 
logic__15: 
logic__743: 
case__37: 
reg__63: 
datapath__5: 
case__9: 
datapath__70: 
datapath__148: 
case__5: 
case__94: 
bitwise_or: 
logic__431: 
sll: 
datapath__85: 
case__33: 
logic__486: 
logic__467: 
logic__524: 
logic__488: 
logic__323: 
datapath__178: 
logic__599: 
reg__23: 
ROM: 
logic__530: 
logic__346: 
register_1bit_f: 
regfile: 
logic__268: 
datapath__201: 
datapath__57: 
datapath__203: 
logic__318: 
case__10: 
datapath__110: 
reg__44: 
reg__62: 
datapath__176: 
datapath__62: 
datapath__196: 
case__72: 
alu: 
reg__53: 
reg__16: 
case__58: 
datapath__77: 
logic__624: 
logic__37: 
reg__6: 
logic__615: 
logic__609: 
logic__748: 
datapath__108: 
datapath__60: 
case__74: 
datapath__41: 
logic__32: 
logic__697: 
logic__576: 
datapath__206: 
reg__48: 
logic__652: 
logic__625: 
case__47: 
case__15: 
datapath__175: 
case__25: 
logic__718: 
logic__546: 
case__88: 
logic__658: 
datapath__159: 
logic__544: 
case__1: 
logic__257: 
case__96: 
logic__653: 
logic__4: 
reg__50: 
reg__19: 
logic__473: 
datapath__132: 
datapath__150: 
datapath__129: 
case__31: 
reg__37: 
datapath__247: 
reg__55: 
reg__31: 
logic__263: 
datapath__234: 
muxpart__6: 
logic__542: 
logic__86: 
logic__483: 
VGAController: 
logic__605: 
datapath__218: 
logic__50: 
logic__41: 
datapath__144: 
datapath__73: 
logic__440: 
datapath__131: 
logic__534: 
mux_8_33bit: 
logic__438: 
logic__728: 
logic__78: 
logic__539: 
logic__441: 
logic__436: 
reg__12: 
BulletRAM: 
reg__24: 
muxpart__4: 
logic__540: 
logic__234: 
logic__487: 
logic__669: 
logic__550: 
datapath__222: 
logic__710: 
logic__551: 
logic__595: 
reg__60: 
logic__659: 
datapath__143: 
datapath__113: 
logic__582: 
logic__527: 
mux_2_33bit: 
logic__666: 
datapath__204: 
datapath__23: 
logic__591: 
logic__661: 
case__53: 
dsp48e1__2: 
datapath__191: 
logic__715: 
case__20: 
datapath__93: 
VRAM__parameterized0: 
logic__331: 
case__86: 
datapath__50: 
logic__704: 
datapath__244: 
logic__277: 
logic__288: 
datapath__56: 
datapath__251: 
HealthRAM: 
case__95: 
datapath__31: 
muxpart__7: 
logic__18: 
datapath__282: 
logic__740: 
datapath__122: 
reg__18: 
logic__634: 
datapath__133: 
logic__628: 
logic__458: 
muxpart__11: 
datapath__229: 
logic__322: 
logic__308: 
datapath__268: 
case__46: 
logic__555: 
logic__453: 
logic__581: 
logic__593: 
processor: 
logic__559: 
logic__469: 
case__65: 
datapath__127: 
logic__735: 
logic__699: 
logic__14: 
datapath__177: 
logic__736: 
datapath__270: 
datapath__82: 
reg__49: 
logic__719: 
datapath__240: 
case__29: 
case__81: 
logic__663: 
muxpart__13: 
logic__519: 
logic__495: 
datapath__54: 
logic__570: 
logic__390: 
logic__664: 
case__82: 
logic__66: 
datapath__59: 
logic__596: 
datapath__111: 
logic__33: 
reg__70: 
datapath__205: 
logic__693: 
case__59: 
datapath__17: 
logic__494: 
datapath__24: 
logic__626: 
datapath__165: 
logic__223: 
case__69: 
logic__685: 
logic__657: 
datapath__12: 
logic__478: 
case__102: 
logic__2: 
register_128_f: 
datapath__69: 
case__54: 
logic__695: 
reg__66: 
datapath__239: 
datapath__179: 
datapath__163: 
datapath__160: 
logic__608: 
logic__730: 
logic__449: 
reg__28: 
datapath__58: 
logic__19: 
logic__569: 
mux_4_33bit: 
multdiv: 
dsp48e1__1: 
case__13: 
datapath__278: 
case__103: 
dffe_ref: 
logic__543: 
reg__68: 
logic__545: 
reg__36: 
logic__245: 
logic__656: 
inverter: 
logic__330: 
logic__22: 
logic__34: 
case__44: 
case__75: 
logic__3: 
datapath__74: 
reg__21: 
reg__33: 
datapath__171: 
logic__465: 
reg__26: 
logic__651: 
datapath__15: 
logic__700: 
case__78: 
datapath__109: 
logic__687: 
datapath__221: 
logic__553: 
reg__67: 
datapath__76: 
multiplier: 
logic__229: 
logic__644: 
logic__678: 
logic__647: 
logic__610: 
logic__36: 
logic__592: 
extrom: 
logic__342: 
logic__371: 
logic__476: 
datapath__279: 
case__41: 
logic__616: 
logic__571: 
datapath__237: 
case__16: 
reg__39: 
datapath__219: 
datapath__181: 
logic__583: 
case__23: 
logic__11: 
case__104: 
datapath__193: 
logic__64: 
VRAM__parameterized2: 
reg__45: 
logic__505: 
logic__442: 
datapath__11: 
datapath__45: 
case__91: 
logic__709: 
logic__612: 
logic__480: 
datapath__38: 
logic__435: 
logic__20: 
datapath__276: 
datapath__265: 
muxpart__9: 
logic__294: 
logic__508: 
datapath__259: 
datapath__197: 
datapath__184: 
datapath__130: 
logic__65: 
datapath__166: 
muxpart__1: 
reg__80: 
logic__38: 
datapath__157: 
datapath__241: 
datapath__169: 
datapath__83: 
reg__41: 
pla__1: 
logic__547: 
logic__688: 
logic__706: 
logic__665: 
extrom__4: 
datapath__102: 
reg__72: 
logic__12: 
case__22: 
case__32: 
datapath__48: 
logic__459: 
logic__499: 
case__63: 
register_64_f: 
logic__737: 
logic__686: 
logic__600: 
logic__361: 
datapath__19: 
datapath__263: 
datapath__147: 
datapath__128: 
logic__738: 
datapath__258: 
datapath__94: 
extram__1: 
logic__507: 
case__100: 
logic__139: 
case__35: 
datapath__72: 
reg__69: 
VRAM: 
logic__561: 
reg__10: 
logic__382: 
reg__65: 
datapath__212: 
datapath__92: 
datapath__35: 
datapath__225: 
datapath__101: 
datapath__91: 
logic__461: 
datapath__137: 
muxpart__3: 
case__7: 
logic__643: 
logic__24: 
case__8: 
reg__14: 
VRAM__parameterized3: 
logic__490: 
datapath__167: 
logic__250: 
logic__673: 
logic__636: 
logic__618: 
muxpart__2: 
reg__15: 
case__77: 
datapath__27: 
case__67: 
logic__474: 
datapath__192: 
reg__27: 
case__83: 
datapath__155: 
reg: 
logic__739: 
datapath__125: 
logic__21: 
datapath__149: 
logic__587: 
logic__548: 
datapath__228: 
logic__8: 
pla__2: 
case__18: 
logic__747: 
logic__676: 
case__60: 
logic__456: 
logic__741: 
reg__3: 
case__28: 
datapath__13: 
logic__25: 
logic__525: 
datapath__280: 
datapath__61: 
logic__713: 
datapath__37: 
datapath__20: 
logic__606: 
reg__8: 
logic__466: 
logic__450: 
register_32: 
logic__279: 
mux_8: 
case__61: 
logic__62: 
datapath__2: 
datapath__138: 
logic__727: 
logic__649: 
case__98: 
reg__2: 
datapath__242: 
logic__446: 
datapath__126: 
datapath__146: 
datapath__51: 
datapath__63: 
reg__7: 
datapath__14: 
datapath__65: 
register: 
datapath__183: 
datapath__120: 
muxpart: 
reg__4: 
datapath__9: 
logic__556: 
datapath__1: 
logic__482: 
case__6: 
case__64: 
logic__564: 
datapath__173: 
reg__20: 
logic__297: 
logic__731: 
bitwise_not: 
datapath__170: 
logic__675: 
datapath__162: 
datapath__266: 
logic__590: 
reg__54: 
logic__607: 
logic__233: 
logic__347: 
case__34: 
logic__668: 
logic__61: 
logic__360: 
datapath__105: 
datapath__99: 
datapath__80: 
logic__17: 
datapath__186: 
case__48: 
case__85: 
logic__694: 
logic__597: 
datapath__81: 
datapath__275: 
datapath__190: 
datapath__195: 
case__105: 
reg__76: 
logic__493: 
reg__13: 
datapath__141: 
logic__278: 
logic__654: 
reg__71: 
datapath__168: 
logic__557: 
logic__714: 
logic__173: 
case__73: 
datapath__145: 
datapath__86: 
datapath__29: 
logic__520: 
logic__484: 
logic__224: 
reg__52: 
reg__42: 
logic__434: 
logic__248: 
logic__703: 
RAM: 
case__43: 
datapath__236: 
datapath__36: 
reg__77: 
mux_4_single: 
datapath__257: 
logic__627: 
reg__81: 
reg__22: 
case__4: 
reg__46: 
datapath__117: 
logic__95: 
mux_2_single: 
case__30: 
register_96_f: 
case__55: 
logic__260: 
datapath__208: 
logic__619: 
reg__25: 
logic__532: 
logic__642: 
case__45: 
reg__43: 
datapath__180: 
sub: 
logic__640: 
register_1bit: 
logic__67: 
logic__363: 
case__50: 
datapath__151: 
reg__79: 
Wrapper: 
datapath__42: 
logic__515: 
datapath__187: 
logic__742: 
datapath__261: 
datapath__230: 
logic__646: 
reg__74: 
logic__639: 
case__76: 
dffe_ref_negedge: 
logic__690: 
datapath__231: 
logic__565: 
VRAM__parameterized6: 
logic__491: 
logic__662: 
logic__433: 
logic__77: 
logic__531: 
logic__577: 
reg__34: 
reg__30: 
logic__603: 
datapath__227: 
logic__485: 
case__89: 
logic__481: 
case__12: 
reg__51: 
datapath__98: 
logic__523: 
logic__696: 
logic__60: 
logic__9: 
datapath__248: 
logic__682: 
reg__32: 
logic__533: 
logic__707: 
divider: 
logic__23: 
datapath__64: 
sra: 
logic__427: 
datapath__220: 
logic__572: 
logic__94: 
logic__364: 
logic__460: 
logic__226: 
logic__470: 
logic__303: 
datapath__233: 
datapath__87: 
case__42: 
logic__432: 
logic__27: 
reg__5: 
case__49: 
logic__522: 
logic__269: 
bitwise_and: 
datapath__21: 
ArenaRAM: 
logic__304: 
datapath__264: 
logic__457: 
datapath__106: 
datapath__34: 
logic__452: 
datapath__223: 
datapath__47: 
logic__655: 
datapath__107: 
datapath__277: 
datapath__118: 
logic__298: 
register_66: 
logic__554: 
datapath: 
logic__670: 
logic__451: 
datapath__254: 
logic__585: 
datapath__96: 
datapath__67: 
logic__617: 
logic__26: 
datapath__194: 
datapath__182: 
datapath__158: 
logic__35: 
reg__29: 
datapath__136: 
logic__463: 
logic: 
datapath__52: 
logic__602: 
datapath__232: 
logic__589: 
logic__28: 
datapath__140: 
pla__3: 
reg__11: 
muxpart__10: 
case__26: 
logic__445: 
